  =================
   Message Summary
  =================
---------------------------------------------------------------------------------------
|     Id     |  Sev   |Count |                     Message Text                       |
---------------------------------------------------------------------------------------
| MESG-11    |Warning |    2 |Maximum message print count reached.                    |
| RPT_DP-100 |Warning |    1 |The filename, column and line number information will   |
|            |        |      | not be available in the report.                        |
|            |        |      |You must set the 'hdl_track_filename_row_col' attribute |
|            |        |      | to 'true' (before elaborate)                           |
|            |        |      | to enable filename, column, and line number tracking   |
|            |        |      | in the datapath report.                                |
| SYNTH-8    |Info    |    1 |Done incrementally optimizing.                          |
---------------------------------------------------------------------------------------
