

Working Directory = /home/u1500738/Projects/uart_can_bridge/genus
QoS Summary for bridge_soc_top
==========================================================================================
Metric                          generic         map             syn_opt         final          
==========================================================================================
Slack (ps):                       341              67               2               2
  R2R (ps):                       341              67               2               2
  I2R (ps):                  no_value        no_value        no_value        no_value
  R2O (ps):                  no_value        no_value        no_value        no_value
  I2O (ps):                  no_value        no_value        no_value        no_value
  CG  (ps):                  no_value        no_value        no_value        no_value
TNS (ps):                           0               0               0               0
  R2R (ps):                         0               0               0               0
  I2R (ps):                  no_value        no_value        no_value        no_value
  R2O (ps):                  no_value        no_value        no_value        no_value
  I2O (ps):                  no_value        no_value        no_value        no_value
  CG  (ps):                  no_value        no_value        no_value        no_value
Failing Paths:                      0               0               0               0
Cell Area:                     44,061          51,798          51,381          51,381
Total Cell Area:               44,061          51,798          51,381          51,381
Leaf Instances:                 1,249           1,109           1,084           1,084
Total Instances:                1,249           1,109           1,084           1,084
Utilization (%):                 0.00            0.00            0.00            0.00
Tot. Net Length (um):        no_value        no_value        no_value        no_value
Avg. Net Length (um):        no_value        no_value        no_value        no_value
Route Overflow H (%):        no_value        no_value        no_value        no_value
Route Overflow V (%):        no_value        no_value        no_value        no_value
MBCI(%) (bits/gate) :            0.00            0.00            0.00            0.00
Norm Cong Hotspot Area:
  Max Cong:                  no_value        no_value        no_value        no_value
  Tot Cong:                  no_value        no_value        no_value        no_value
==========================================================================================
CPU  Runtime (h:m:s):        00:00:12        00:00:07        00:00:03        00:00:00
Real Runtime (h:m:s):        00:00:13        00:00:06        00:00:03        00:00:01
CPU  Elapsed (h:m:s):        00:00:17        00:00:24        00:00:27        00:00:27
Real Elapsed (h:m:s):        00:00:15        00:00:21        00:00:24        00:00:25
Memory (MB):                  1562.00         1565.92         1565.74         1573.75
==========================================================================================
==========================================================================================
Flow Settings:
==========================================================================================
Total Runtime (h:m:s): 00:00:23
Total Memory (MB):     1573.75
Executable Version:    21.15-s080_1
==========================================================================================
Total Cell Area =  Cell Area + Physical Cell Area
Total Instances =  Leaf Instances + Physical Instances


