

==================================================================================
=== CALIBRE::ERC-H SUMMARY REPORT
===
Execution Date/Time:          Thu Dec  5 22:36:39 2024
Calibre Version:              v2021.2_37.20    Tue Jun 1 14:42:29 PDT 2021
Rule File Pathname:           /home/u1500738/Projects/uart_can_bridge/virtuoso/calibre/lvs/_calibre.lvs_
Rule File Title:              
Layout System:                GDSII
Layout Path(s):               fullchip_bridge_soc_top.calibre.db
Layout Primary Cell:          fullchip_bridge_soc_top
Current Directory:            /home/u1500738/Projects/uart_can_bridge/virtuoso/calibre/lvs
User Name:                    u1500738
Maximum Results/ERC Check:    1000
Maximum ERC Result Vertices:  4096
ERC Results Database:         fullchip_bridge_soc_top.erc.results (ASCII)
Layout Depth:                 ALL
Text Depth:                   PRIMARY
Summary Report File:          fullchip_bridge_soc_top.erc.summary (REPLACE)
Geometry Flagging:            ACUTE = NO  SKEW = YES  ANGLED = NO  OFFGRID = YES
                              NONSIMPLE POLYGON = NO  NONSIMPLE PATH = NO
Excluded Cells:              
CheckText Mapping:            COMMENT TEXT + RULE FILE INFORMATION
Layers:                       MEMORY-BASED
Keep Empty Checks:            YES
----------------------------------------------------------------------------------
--- RUNTIME WARNINGS
---
Layer 3 contains unmapped objects and is the source layer of LAYER MAP == 3 DATATYPE == 1.
Layer 3 contains unmapped objects and is the source layer of LAYER MAP == 3 DATATYPE == 3.
Layer 13 contains unmapped objects and is the source layer of LAYER MAP == 13 DATATYPE == 1.
Layer 16 contains unmapped objects and is the source layer of LAYER MAP == 16 DATATYPE == 1.
Layer 16 contains unmapped objects and is the source layer of LAYER MAP == 16 DATATYPE == 2.
Layer 18 contains unmapped objects and is the source layer of LAYER MAP == 18 DATATYPE == 1.
Layer 18 contains unmapped objects and is the source layer of LAYER MAP == 18 DATATYPE == 2.
Layer 28 contains unmapped objects and is the source layer of LAYER MAP == 28 DATATYPE == 1.
Layer 28 contains unmapped objects and is the source layer of LAYER MAP == 28 DATATYPE == 2.
Layer 31 contains unmapped objects and is the source layer of LAYER MAP == 31 DATATYPE == 1.
Layer 31 contains unmapped objects and is the source layer of LAYER MAP == 31 DATATYPE == 2.
Layer 33 contains unmapped objects and is the source layer of LAYER MAP == 33 DATATYPE == 1.
Layer 33 contains unmapped objects and is the source layer of LAYER MAP == 33 DATATYPE == 2.
Layer 38 contains unmapped objects and is the source layer of LAYER MAP == 38 DATATYPE == 1.
Layer 38 contains unmapped objects and is the source layer of LAYER MAP == 38 DATATYPE == 2.
There is no data for layout net name AVD33.
There is no data for layout net name AVD33B.
There is no data for layout net name AVD33G.
There is no data for layout net name AVD33R.
There is no data for layout net name AVD33WELL.
There is no data for layout net name AVDD.
There is no data for layout net name AVDDB.
There is no data for layout net name AVDDBG.
There is no data for layout net name AVDDG.
There is no data for layout net name AVDDR.
There is no data for layout net name AVDWELL.
There is no data for layout net name DVDD.
There is no data for layout net name TAVD33.
There is no data for layout net name TAVD33PST.
There is no data for layout net name TAVDD.
There is no data for layout net name TAVDDPST.
There is no data for layout net name VD33.
There is no data for layout net name VD33WELL.
There is no data for layout net name VDD.
There is no data for layout net name VDD5V.
There is no data for layout net name VDDG.
There is no data for layout net name VDDM.
There is no data for layout net name VDDPST.
There is no data for layout net name VDDSA.
There is no data for layout net name VDWELL.
There is no data for layout net name AGND.
There is no data for layout net name AVS33.
There is no data for layout net name AVS33B.
There is no data for layout net name AVS33G.
There is no data for layout net name AVS33R.
There is no data for layout net name AVS33SUB.
There is no data for layout net name AVSS.
There is no data for layout net name AVSSB.
There is no data for layout net name AVSSBG.
There is no data for layout net name AVSSG.
There is no data for layout net name AVSSR.
There is no data for layout net name AVSSUB.
There is no data for layout net name DVSS.
There is no data for layout net name GND.
There is no data for layout net name TAVSS.
There is no data for layout net name TAVSSPST.
There is no data for layout net name VS33.
There is no data for layout net name VS33SUB.
There is no data for layout net name VSS.
There is no data for layout net name VSSG.
There is no data for layout net name VSSM.
There is no data for layout net name VSSPST.
There is no data for layout net name VSSUB.
There is no data for layout net name AVD33.
There is no data for layout net name AVD33B.
There is no data for layout net name AVD33G.
There is no data for layout net name AVD33R.
There is no data for layout net name AVD33WELL.
There is no data for layout net name AVDD.
There is no data for layout net name AVDDB.
There is no data for layout net name AVDDBG.
There is no data for layout net name AVDDG.
There is no data for layout net name AVDDR.
There is no data for layout net name AVDWELL.
There is no data for layout net name DVDD.
There is no data for layout net name TAVD33.
There is no data for layout net name TAVD33PST.
There is no data for layout net name TAVDD.
There is no data for layout net name TAVDDPST.
There is no data for layout net name VD33.
There is no data for layout net name VD33WELL.
There is no data for layout net name VDD.
There is no data for layout net name VDD5V.
There is no data for layout net name VDDG.
There is no data for layout net name VDDM.
There is no data for layout net name VDDPST.
There is no data for layout net name VDDSA.
There is no data for layout net name VDWELL.
There is no data for layout net name AGND.
There is no data for layout net name AVS33.
There is no data for layout net name AVS33B.
There is no data for layout net name AVS33G.
There is no data for layout net name AVS33R.
There is no data for layout net name AVS33SUB.
There is no data for layout net name AVSS.
There is no data for layout net name AVSSB.
There is no data for layout net name AVSSBG.
There is no data for layout net name AVSSG.
There is no data for layout net name AVSSR.
There is no data for layout net name AVSSUB.
There is no data for layout net name DVSS.
There is no data for layout net name GND.
There is no data for layout net name TAVSS.
There is no data for layout net name TAVSSPST.
There is no data for layout net name VS33.
There is no data for layout net name VS33SUB.
There is no data for layout net name VSS.
There is no data for layout net name VSSG.
There is no data for layout net name VSSM.
There is no data for layout net name VSSPST.
There is no data for layout net name VSSUB.
Invalid PATHCHK request "! POWER": no POWER nets present, operation aborted.
Invalid PATHCHK request "! GROUND": no GROUND nets present, operation aborted.
There is no data for layout net name AGND.
There is no data for layout net name AVS33.
There is no data for layout net name AVS33B.
There is no data for layout net name AVS33G.
There is no data for layout net name AVS33R.
There is no data for layout net name AVS33SUB.
There is no data for layout net name AVSS.
There is no data for layout net name AVSSB.
There is no data for layout net name AVSSBG.
There is no data for layout net name AVSSG.
There is no data for layout net name AVSSR.
There is no data for layout net name AVSSUB.
There is no data for layout net name DVSS.
There is no data for layout net name GND.
There is no data for layout net name TAVSS.
There is no data for layout net name TAVSSPST.
There is no data for layout net name VS33.
There is no data for layout net name VS33SUB.
There is no data for layout net name VSS.
There is no data for layout net name VSSG.
There is no data for layout net name VSSM.
There is no data for layout net name VSSPST.
There is no data for layout net name VSSUB.
There is no data for layout net name AVD33.
There is no data for layout net name AVD33B.
There is no data for layout net name AVD33G.
There is no data for layout net name AVD33R.
There is no data for layout net name AVD33WELL.
There is no data for layout net name AVDD.
There is no data for layout net name AVDDB.
There is no data for layout net name AVDDBG.
There is no data for layout net name AVDDG.
There is no data for layout net name AVDDR.
There is no data for layout net name AVDWELL.
There is no data for layout net name DVDD.
There is no data for layout net name TAVD33.
There is no data for layout net name TAVD33PST.
There is no data for layout net name TAVDD.
There is no data for layout net name TAVDDPST.
There is no data for layout net name VD33.
There is no data for layout net name VD33WELL.
There is no data for layout net name VDD.
There is no data for layout net name VDD5V.
There is no data for layout net name VDDG.
There is no data for layout net name VDDM.
There is no data for layout net name VDDPST.
There is no data for layout net name VDDSA.
There is no data for layout net name VDWELL.
----------------------------------------------------------------------------------
--- ORIGINAL LAYER STATISTICS
---
LAYER DPO ......... TOTAL Original Geometry Count = 98639  (98639)
LAYER POLY1 ....... TOTAL Original Geometry Count = 122    (9930)
LAYER RPO ......... TOTAL Original Geometry Count = 82     (8064)
LAYER RPDMY1 ...... TOTAL Original Geometry Count = 0      (0)
LAYER RPDMYX ...... TOTAL Original Geometry Count = 0      (0)
LAYER DOD ......... TOTAL Original Geometry Count = 49266  (49266)
LAYER OD .......... TOTAL Original Geometry Count = 197    (26890)
LAYER RODMY ....... TOTAL Original Geometry Count = 0      (0)
LAYER HRI ......... TOTAL Original Geometry Count = 0      (0)
LAYER RLPPDMY ..... TOTAL Original Geometry Count = 0      (0)
LAYER NIMP ........ TOTAL Original Geometry Count = 69     (7326)
LAYER PIMP ........ TOTAL Original Geometry Count = 71     (15070)
LAYER RFDUMMY1 .... TOTAL Original Geometry Count = 0      (0)
LAYER MOMDMY1 ..... TOTAL Original Geometry Count = 0      (0)
LAYER MOMDMY0 ..... TOTAL Original Geometry Count = 0      (0)
LAYER MOMDMY2 ..... TOTAL Original Geometry Count = 0      (0)
LAYER MOMDMY3 ..... TOTAL Original Geometry Count = 0      (0)
LAYER MOMDMY4 ..... TOTAL Original Geometry Count = 0      (0)
LAYER MOMDMY5 ..... TOTAL Original Geometry Count = 0      (0)
LAYER MOMDMY6 ..... TOTAL Original Geometry Count = 0      (0)
LAYER RFDUMMYX .... TOTAL Original Geometry Count = 0      (0)
LAYER CONT ........ TOTAL Original Geometry Count = 25425  (272018)
LAYER DRAIN ....... TOTAL Original Geometry Count = 0      (0)
LAYER VARG3 ....... TOTAL Original Geometry Count = 0      (0)
LAYER VARDMYX ..... TOTAL Original Geometry Count = 0      (0)
LAYER VARG6 ....... TOTAL Original Geometry Count = 0      (0)
LAYER JVARD ....... TOTAL Original Geometry Count = 0      (0)
LAYER BASE_N ...... TOTAL Original Geometry Count = 0      (0)
LAYER NWELL ....... TOTAL Original Geometry Count = 51     (3768)
LAYER RWDMY1 ...... TOTAL Original Geometry Count = 0      (0)
LAYER RWDMYX ...... TOTAL Original Geometry Count = 0      (0)
LAYER LDDMY ....... TOTAL Original Geometry Count = 0      (0)
LAYER CIRPO ....... TOTAL Original Geometry Count = 0      (0)
LAYER lcesd1 ...... TOTAL Original Geometry Count = 0      (0)
LAYER lcesd2 ...... TOTAL Original Geometry Count = 0      (0)
LAYER OD2 ......... TOTAL Original Geometry Count = 0      (0)
LAYER NTN ......... TOTAL Original Geometry Count = 0      (0)
LAYER DNW ......... TOTAL Original Geometry Count = 0      (0)
LAYER VTMN ........ TOTAL Original Geometry Count = 1      (1)
LAYER ESD3DMY ..... TOTAL Original Geometry Count = 0      (0)
LAYER PSUB2 ....... TOTAL Original Geometry Count = 0      (0)
LAYER RFDUMMY6T ... TOTAL Original Geometry Count = 0      (0)
LAYER RFDUMMY5T ... TOTAL Original Geometry Count = 0      (0)
LAYER CAP_IMP ..... TOTAL Original Geometry Count = 0      (0)
LAYER VTMP ........ TOTAL Original Geometry Count = 1      (1)
LAYER DIODMY ...... TOTAL Original Geometry Count = 3      (4)
LAYER DUM1 ........ TOTAL Original Geometry Count = 157526 (157526)
LAYER M1 .......... TOTAL Original Geometry Count = 6474   (34347)
LAYER M1SLOT ...... TOTAL Original Geometry Count = 0      (0)
LAYER RMDMY ....... TOTAL Original Geometry Count = 0      (0)
LAYER RMDMY1i ..... TOTAL Original Geometry Count = 0      (0)
LAYER DUM2 ........ TOTAL Original Geometry Count = 162931 (162931)
LAYER M2 .......... TOTAL Original Geometry Count = 14902  (26882)
LAYER M2SLOT ...... TOTAL Original Geometry Count = 0      (0)
LAYER RMDMY2i ..... TOTAL Original Geometry Count = 0      (0)
LAYER DUM3 ........ TOTAL Original Geometry Count = 178150 (178150)
LAYER M3 .......... TOTAL Original Geometry Count = 13725  (21603)
LAYER M3SLOT ...... TOTAL Original Geometry Count = 0      (0)
LAYER RMDMY3i ..... TOTAL Original Geometry Count = 0      (0)
LAYER DUM4 ........ TOTAL Original Geometry Count = 180462 (180462)
LAYER M4 .......... TOTAL Original Geometry Count = 6455   (14243)
LAYER M4SLOT ...... TOTAL Original Geometry Count = 0      (0)
LAYER RMDMY4i ..... TOTAL Original Geometry Count = 0      (0)
LAYER DUM5 ........ TOTAL Original Geometry Count = 160462 (160462)
LAYER M5 .......... TOTAL Original Geometry Count = 2178   (9929)
LAYER M5SLOT ...... TOTAL Original Geometry Count = 0      (0)
LAYER RMDMY5i ..... TOTAL Original Geometry Count = 0      (0)
LAYER INDDMY ...... TOTAL Original Geometry Count = 0      (0)
LAYER DUM6 ........ TOTAL Original Geometry Count = 52696  (52696)
LAYER M6 .......... TOTAL Original Geometry Count = 1102   (8853)
LAYER M6SLOT ...... TOTAL Original Geometry Count = 0      (0)
LAYER RMDMY6i ..... TOTAL Original Geometry Count = 0      (0)
LAYER DMP2V ....... TOTAL Original Geometry Count = 0      (0)
LAYER DMN2V ....... TOTAL Original Geometry Count = 0      (0)
LAYER BJTDMY ...... TOTAL Original Geometry Count = 0      (0)
LAYER LVSDMY ...... TOTAL Original Geometry Count = 0      (0)
LAYER CTM5 ........ TOTAL Original Geometry Count = 0      (0)
LAYER VIA5i ....... TOTAL Original Geometry Count = 36637  (111089)
LAYER RFDUMMYUD ... TOTAL Original Geometry Count = 0      (0)
LAYER CTMDMY ...... TOTAL Original Geometry Count = 0      (0)
LAYER CTMDMYUD .... TOTAL Original Geometry Count = 0      (0)
LAYER CTMDMY_3t ... TOTAL Original Geometry Count = 0      (0)
LAYER CTMDMY1p5 ... TOTAL Original Geometry Count = 0      (0)
LAYER CTMDMY2p0 ... TOTAL Original Geometry Count = 0      (0)
LAYER CTMDMY1p0 ... TOTAL Original Geometry Count = 0      (0)
LAYER asym_rf ..... TOTAL Original Geometry Count = 0      (0)
LAYER PV_N ........ TOTAL Original Geometry Count = 0      (0)
LAYER PV_P ........ TOTAL Original Geometry Count = 0      (0)
LAYER VTDN ........ TOTAL Original Geometry Count = 0      (0)
LAYER SBDUMMY ..... TOTAL Original Geometry Count = 0      (0)
LAYER IND_MP ...... TOTAL Original Geometry Count = 0      (0)
LAYER IND_D4 ...... TOTAL Original Geometry Count = 0      (0)
LAYER lcesd_p ..... TOTAL Original Geometry Count = 0      (0)
LAYER ESD2DUMMY ... TOTAL Original Geometry Count = 8      (32)
LAYER lcesd_m ..... TOTAL Original Geometry Count = 0      (0)
LAYER MOMDMY24 .... TOTAL Original Geometry Count = 0      (0)
LAYER MOMDMY25 .... TOTAL Original Geometry Count = 0      (0)
LAYER MOMDMY23 .... TOTAL Original Geometry Count = 0      (0)
LAYER MD .......... TOTAL Original Geometry Count = 0      (0)
LAYER CTM3 ........ TOTAL Original Geometry Count = 0      (0)
LAYER VIA3i ....... TOTAL Original Geometry Count = 23665  (101959)
LAYER CBD ......... TOTAL Original Geometry Count = 0      (0)
LAYER PLMIDE ...... TOTAL Original Geometry Count = 0      (0)
LAYER CTM4 ........ TOTAL Original Geometry Count = 0      (0)
LAYER VIA4i ....... TOTAL Original Geometry Count = 22035  (104229)
LAYER VIAD ........ TOTAL Original Geometry Count = 0      (0)
LAYER CTM2 ........ TOTAL Original Geometry Count = 0      (0)
LAYER VIA2i ....... TOTAL Original Geometry Count = 37737  (139995)
LAYER MOMDMY100 ... TOTAL Original Geometry Count = 0      (0)
LAYER MOMDMY22 .... TOTAL Original Geometry Count = 0      (0)
LAYER UBM ......... TOTAL Original Geometry Count = 0      (0)
LAYER VIA1 ........ TOTAL Original Geometry Count = 28312  (129433)
LAYER IND_RAD ..... TOTAL Original Geometry Count = 0      (0)
LAYER IND_NR ...... TOTAL Original Geometry Count = 0      (0)
LAYER IND_GDIS .... TOTAL Original Geometry Count = 0      (0)
LAYER IND_W ....... TOTAL Original Geometry Count = 0      (0)
LAYER IND_S ....... TOTAL Original Geometry Count = 0      (0)
----------------------------------------------------------------------------------
--- RULECHECK RESULTS STATISTICS
---
RULECHECK mnpg .................... TOTAL Result Count = 0 (0)
RULECHECK mppg .................... TOTAL Result Count = 0 (0)
RULECHECK floating ................ TOTAL Result Count = 0 (0)
RULECHECK floating.nxwell_float ... NOT EXECUTED DUE TO PATHCHK ERRORS
RULECHECK floating.psub ........... NOT EXECUTED DUE TO PATHCHK ERRORS
RULECHECK npvss49 ................. TOTAL Result Count = 0 (0)
RULECHECK ppvdd49 ................. TOTAL Result Count = 0 (0)
----------------------------------------------------------------------------------
--- ERC RULECHECK RESULTS STATISTICS (BY CELL)
---
----------------------------------------------------------------------------------
--- SUMMARY
---
TOTAL CPU Time:                              7
TOTAL REAL Time:                             9
TOTAL Original Layer Geometries:             1259384 (2085798)
TOTAL ERC RuleChecks Executed:               7
TOTAL ERC RuleCheck Results Generated:       0 (0)
