

Working Directory = /home/u1500738/Projects/uart_can_bridge/genus
QoS Summary for uart_can_bridge
==========================================================================================
Metric                          generic         map             syn_opt         final          
==========================================================================================
Slack (ps):                       429             195              46              46
  R2R (ps):                       429             195              46              46
  I2R (ps):                  no_value        no_value        no_value        no_value
  R2O (ps):                  no_value        no_value        no_value        no_value
  I2O (ps):                  no_value        no_value        no_value        no_value
  CG  (ps):                  no_value        no_value        no_value        no_value
TNS (ps):                           0               0               0               0
  R2R (ps):                         0               0               0               0
  I2R (ps):                  no_value        no_value        no_value        no_value
  R2O (ps):                  no_value        no_value        no_value        no_value
  I2O (ps):                  no_value        no_value        no_value        no_value
  CG  (ps):                  no_value        no_value        no_value        no_value
Failing Paths:                      0               0               0               0
Cell Area:                     18,030          22,526          22,361          22,361
Total Cell Area:               18,030          22,526          22,361          22,361
Leaf Instances:                   432             390             381             381
Total Instances:                  432             390             381             381
Utilization (%):                 0.00            0.00            0.00            0.00
Tot. Net Length (um):        no_value        no_value        no_value        no_value
Avg. Net Length (um):        no_value        no_value        no_value        no_value
Route Overflow H (%):        no_value        no_value        no_value        no_value
Route Overflow V (%):        no_value        no_value        no_value        no_value
MBCI(%) (bits/gate) :            0.00            0.00            0.00            0.00
Norm Cong Hotspot Area:
  Max Cong:                  no_value        no_value        no_value        no_value
  Tot Cong:                  no_value        no_value        no_value        no_value
==========================================================================================
CPU  Runtime (h:m:s):        00:00:09        00:00:03        00:00:02        00:00:00
Real Runtime (h:m:s):        00:00:09        00:00:04        00:00:02        00:00:01
CPU  Elapsed (h:m:s):        00:00:13        00:00:16        00:00:18        00:00:18
Real Elapsed (h:m:s):        00:00:12        00:00:16        00:00:18        00:00:19
Memory (MB):                  1562.91         1566.84         1566.66         1574.66
==========================================================================================
==========================================================================================
Flow Settings:
==========================================================================================
Total Runtime (h:m:s): 00:00:16
Total Memory (MB):     1574.66
Executable Version:    21.15-s080_1
==========================================================================================
Total Cell Area =  Cell Area + Physical Cell Area
Total Instances =  Leaf Instances + Physical Instances


