

==================================================================================
=== CALIBRE::DRC-H SUMMARY REPORT
===
Execution Date/Time:       Thu Dec  5 22:30:40 2024
Calibre Version:           v2021.2_37.20    Tue Jun 1 14:42:29 PDT 2021
Rule File Pathname:        /home/u1500738/Projects/uart_can_bridge/virtuoso/calibre/drc/_CLM18_LM16_LM152_6M_fullchip.215a_
Rule File Title:           
Layout System:             GDS
Layout Path(s):            sr_bridge_soc_top_metalfill.calibre.db
Layout Primary Cell:       sr_bridge_soc_top_metalfill
Current Directory:         /home/u1500738/Projects/uart_can_bridge/virtuoso/calibre/drc
User Name:                 u1500738
Maximum Results/RuleCheck: ALL
Maximum Result Vertices:   4096
DRC Results Database:      sr_bridge_soc_top_metalfill.drc.results (ASCII)
Layout Depth:              ALL
Text Depth:                PRIMARY
Summary Report File:       sr_bridge_soc_top_metalfill.drc.summary (REPLACE)
Geometry Flagging:         ACUTE = YES  SKEW = YES  ANGLED = NO  OFFGRID = YES
                           NONSIMPLE POLYGON = YES  NONSIMPLE PATH = YES
Excluded Cells:           
CheckText Mapping:         ALL TEXT
Layers:                    MEMORY-BASED
Keep Empty Checks:         YES
----------------------------------------------------------------------------------
--- RUNTIME WARNINGS
---
DISCONNECT operations are present without DRC INCREMENTAL CONNECT YES specified.
----------------------------------------------------------------------------------
--- ORIGINAL LAYER STATISTICS
---
LAYER M1SLOTi ..... TOTAL Original Geometry Count = 0      (0)
LAYER M1DMY ....... TOTAL Original Geometry Count = 157526 (157526)
LAYER M1i ......... TOTAL Original Geometry Count = 0      (0)
LAYER M2SLOTi ..... TOTAL Original Geometry Count = 0      (0)
LAYER M2DMY ....... TOTAL Original Geometry Count = 162931 (162931)
LAYER M2i ......... TOTAL Original Geometry Count = 0      (0)
LAYER M3SLOTi ..... TOTAL Original Geometry Count = 0      (0)
LAYER M3DMY ....... TOTAL Original Geometry Count = 178150 (178150)
LAYER M3i ......... TOTAL Original Geometry Count = 0      (0)
LAYER M4SLOTi ..... TOTAL Original Geometry Count = 0      (0)
LAYER M4DMY ....... TOTAL Original Geometry Count = 180462 (180462)
LAYER M4i ......... TOTAL Original Geometry Count = 0      (0)
LAYER M5SLOTi ..... TOTAL Original Geometry Count = 0      (0)
LAYER M5DMY ....... TOTAL Original Geometry Count = 160462 (160462)
LAYER M5i ......... TOTAL Original Geometry Count = 0      (0)
LAYER M6SLOTi ..... TOTAL Original Geometry Count = 0      (0)
LAYER M6DMY ....... TOTAL Original Geometry Count = 52696  (52696)
LAYER M6i ......... TOTAL Original Geometry Count = 0      (0)
LAYER MDSLOTi ..... TOTAL Original Geometry Count = 0      (0)
LAYER MDDMY ....... TOTAL Original Geometry Count = 0      (0)
LAYER MDi ......... TOTAL Original Geometry Count = 0      (0)
LAYER LOGO ........ TOTAL Original Geometry Count = 0      (0)
LAYER EXCLi ....... TOTAL Original Geometry Count = 0      (0)
LAYER NWELii ...... TOTAL Original Geometry Count = 0      (0)
LAYER PDIFFi ...... TOTAL Original Geometry Count = 0      (0)
LAYER NDIFFi ...... TOTAL Original Geometry Count = 0      (0)
LAYER DIFFi ....... TOTAL Original Geometry Count = 0      (0)
LAYER DNWi ........ TOTAL Original Geometry Count = 0      (0)
LAYER VTMPi ....... TOTAL Original Geometry Count = 0      (0)
LAYER VTMNi ....... TOTAL Original Geometry Count = 0      (0)
LAYER DOD ......... TOTAL Original Geometry Count = 0      (0)
LAYER DPO ......... TOTAL Original Geometry Count = 0      (0)
LAYER POLYi ....... TOTAL Original Geometry Count = 0      (0)
LAYER OD2i ........ TOTAL Original Geometry Count = 0      (0)
LAYER PPi ......... TOTAL Original Geometry Count = 0      (0)
LAYER NPi ......... TOTAL Original Geometry Count = 0      (0)
LAYER COi ......... TOTAL Original Geometry Count = 0      (0)
LAYER VIA1i ....... TOTAL Original Geometry Count = 0      (0)
LAYER VIA2i ....... TOTAL Original Geometry Count = 0      (0)
LAYER VIA3i ....... TOTAL Original Geometry Count = 0      (0)
LAYER VIA4i ....... TOTAL Original Geometry Count = 0      (0)
LAYER VIA5i ....... TOTAL Original Geometry Count = 0      (0)
LAYER VIADi ....... TOTAL Original Geometry Count = 0      (0)
LAYER CBi ......... TOTAL Original Geometry Count = 0      (0)
LAYER CBDi ........ TOTAL Original Geometry Count = 0      (0)
LAYER RPOi ........ TOTAL Original Geometry Count = 0      (0)
LAYER NTNi ........ TOTAL Original Geometry Count = 0      (0)
LAYER PLMIDEi ..... TOTAL Original Geometry Count = 0      (0)
LAYER FWi ......... TOTAL Original Geometry Count = 0      (0)
LAYER LWI ......... TOTAL Original Geometry Count = 0      (0)
LAYER HRIi ........ TOTAL Original Geometry Count = 0      (0)
LAYER ESDi ........ TOTAL Original Geometry Count = 0      (0)
LAYER ESDIMPi ..... TOTAL Original Geometry Count = 0      (0)
LAYER CTM2i ....... TOTAL Original Geometry Count = 0      (0)
LAYER CTM3i ....... TOTAL Original Geometry Count = 0      (0)
LAYER CTM4i ....... TOTAL Original Geometry Count = 0      (0)
LAYER CTM5i ....... TOTAL Original Geometry Count = 0      (0)
LAYER RWDMY ....... TOTAL Original Geometry Count = 0      (0)
LAYER SDI ......... TOTAL Original Geometry Count = 0      (0)
LAYER RPDUMMY ..... TOTAL Original Geometry Count = 0      (0)
LAYER RLPPDMY ..... TOTAL Original Geometry Count = 0      (0)
LAYER DMN2V ....... TOTAL Original Geometry Count = 0      (0)
LAYER DMP2V ....... TOTAL Original Geometry Count = 0      (0)
LAYER PMDMY ....... TOTAL Original Geometry Count = 0      (0)
LAYER SEALRING .... TOTAL Original Geometry Count = 0      (0)
LAYER SBDDMY ...... TOTAL Original Geometry Count = 0      (0)
LAYER HOTWL ....... TOTAL Original Geometry Count = 0      (0)
LAYER VSSDMY ...... TOTAL Original Geometry Count = 0      (0)
LAYER VDDDMY ...... TOTAL Original Geometry Count = 0      (0)
LAYER PPIi ........ TOTAL Original Geometry Count = 0      (0)
LAYER UBMi ........ TOTAL Original Geometry Count = 0      (0)
LAYER WBDMY ....... TOTAL Original Geometry Count = 0      (0)
LAYER DPDMY ....... TOTAL Original Geometry Count = 0      (0)
LAYER PLDMY ....... TOTAL Original Geometry Count = 0      (0)
LAYER DIODUMMY .... TOTAL Original Geometry Count = 0      (0)
LAYER ESD1DMY ..... TOTAL Original Geometry Count = 0      (0)
LAYER ESD2DMY ..... TOTAL Original Geometry Count = 0      (0)
LAYER HIADMY ...... TOTAL Original Geometry Count = 0      (0)
LAYER RES200 ...... TOTAL Original Geometry Count = 0      (0)
LAYER VARDMY ...... TOTAL Original Geometry Count = 0      (0)
LAYER CMM5i ....... TOTAL Original Geometry Count = 0      (0)
LAYER LUPWDMY ..... TOTAL Original Geometry Count = 0      (0)
LAYER INDDMY ...... TOTAL Original Geometry Count = 0      (0)
LAYER RFDUMMY ..... TOTAL Original Geometry Count = 0      (0)
LAYER LMARK ....... TOTAL Original Geometry Count = 0      (0)
LAYER ODBLK ....... TOTAL Original Geometry Count = 0      (0)
LAYER MATCHING .... TOTAL Original Geometry Count = 0      (0)
LAYER MOMDMY_1 .... TOTAL Original Geometry Count = 0      (0)
LAYER MOMDMY_2 .... TOTAL Original Geometry Count = 0      (0)
LAYER MOMDMY_3 .... TOTAL Original Geometry Count = 0      (0)
LAYER MOMDMY_4 .... TOTAL Original Geometry Count = 0      (0)
LAYER MOMDMY_5 .... TOTAL Original Geometry Count = 0      (0)
LAYER MOMDMY_6 .... TOTAL Original Geometry Count = 0      (0)
LAYER ESD3DMY ..... TOTAL Original Geometry Count = 0      (0)
LAYER DRCDMY ...... TOTAL Original Geometry Count = 0      (0)
LAYER LUPWDMY_2 ... TOTAL Original Geometry Count = 0      (0)
LAYER ANALOGDMY ... TOTAL Original Geometry Count = 0      (0)
LAYER BJTDUMMY .... TOTAL Original Geometry Count = 0      (0)
LAYER DTi ......... TOTAL Original Geometry Count = 0      (0)
LAYER FLASH ....... TOTAL Original Geometry Count = 0      (0)
----------------------------------------------------------------------------------
--- RULECHECK RESULTS STATISTICS
---
RULECHECK HRI.WARN .................... TOTAL Result Count = 0 (0)
RULECHECK NW.W.1 ...................... TOTAL Result Count = 0 (0)
RULECHECK NW.W.2 ...................... TOTAL Result Count = 0 (0)
RULECHECK NW.S.1 ...................... TOTAL Result Count = 0 (0)
RULECHECK NW.S.2 ...................... TOTAL Result Count = 0 (0)
RULECHECK NWR.E.1 ..................... TOTAL Result Count = 0 (0)
RULECHECK NWR.E.2 ..................... TOTAL Result Count = 0 (0)
RULECHECK NWR.C.1 ..................... TOTAL Result Count = 0 (0)
RULECHECK NWR.C.2 ..................... TOTAL Result Count = 0 (0)
RULECHECK NWR.C.3 ..................... TOTAL Result Count = 0 (0)
RULECHECK NWR.O.1 ..................... TOTAL Result Count = 0 (0)
RULECHECK NWR.R.1 ..................... TOTAL Result Count = 0 (0)
RULECHECK NWR.R.3 ..................... TOTAL Result Count = 0 (0)
RULECHECK NWR.R.4 ..................... TOTAL Result Count = 0 (0)
RULECHECK NWR.R.5 ..................... TOTAL Result Count = 0 (0)
RULECHECK NWR.R.6 ..................... TOTAL Result Count = 0 (0)
RULECHECK NWR.E.3 ..................... TOTAL Result Count = 0 (0)
RULECHECK NT_N.I.1 .................... TOTAL Result Count = 0 (0)
RULECHECK NT_N.I.2 .................... TOTAL Result Count = 0 (0)
RULECHECK NT_N.I.3 .................... TOTAL Result Count = 0 (0)
RULECHECK NT_N.I.4 .................... TOTAL Result Count = 0 (0)
RULECHECK NT_N.W.1 .................... TOTAL Result Count = 0 (0)
RULECHECK NT_N.W.2_LV ................. TOTAL Result Count = 0 (0)
RULECHECK NT_N.W.2_3.3V ............... TOTAL Result Count = 0 (0)
RULECHECK NT_N.S.1 .................... TOTAL Result Count = 0 (0)
RULECHECK NT_N.E.1 .................... TOTAL Result Count = 0 (0)
RULECHECK NT_N.C.1 .................... TOTAL Result Count = 0 (0)
RULECHECK NT_N.C.2 .................... TOTAL Result Count = 0 (0)
RULECHECK NT_N.PO.1 ................... TOTAL Result Count = 0 (0)
RULECHECK OD.W.1_OD.W.2 ............... TOTAL Result Count = 0 (0)
RULECHECK OD.S.1 ...................... TOTAL Result Count = 0 (0)
RULECHECK OD.C.1 ...................... TOTAL Result Count = 0 (0)
RULECHECK OD.C.2_OD.C.3 ............... TOTAL Result Count = 0 (0)
RULECHECK OD.C.4 ...................... TOTAL Result Count = 0 (0)
RULECHECK OD.C.5 ...................... TOTAL Result Count = 0 (0)
RULECHECK OD.W.3 ...................... TOTAL Result Count = 0 (0)
RULECHECK OD.A.1 ...................... TOTAL Result Count = 0 (0)
RULECHECK OD.R.5 ...................... TOTAL Result Count = 0 (0)
RULECHECK OD2.W.1 ..................... TOTAL Result Count = 0 (0)
RULECHECK OD2.E.1 ..................... TOTAL Result Count = 0 (0)
RULECHECK OD2.S.1 ..................... TOTAL Result Count = 0 (0)
RULECHECK OD2.C.1 ..................... TOTAL Result Count = 0 (0)
RULECHECK OD2.C.2 ..................... TOTAL Result Count = 0 (0)
RULECHECK OD2.E.2 ..................... TOTAL Result Count = 0 (0)
RULECHECK PO.W.3 ...................... TOTAL Result Count = 0 (0)
RULECHECK PO.W.1_3.3V ................. TOTAL Result Count = 0 (0)
RULECHECK PO.W.2_3.3V ................. TOTAL Result Count = 0 (0)
RULECHECK PO.S.1 ...................... TOTAL Result Count = 0 (0)
RULECHECK PO.S.2_PO.S.3 ............... TOTAL Result Count = 0 (0)
RULECHECK PO.C.1 ...................... TOTAL Result Count = 0 (0)
RULECHECK PO.C.2 ...................... TOTAL Result Count = 0 (0)
RULECHECK PO.O.1 ...................... TOTAL Result Count = 0 (0)
RULECHECK PO.R.1B ..................... TOTAL Result Count = 0 (0)
RULECHECK PO.R.2 ...................... TOTAL Result Count = 0 (0)
RULECHECK PO.R.4 ...................... TOTAL Result Count = 0 (0)
RULECHECK RES.9 ....................... TOTAL Result Count = 0 (0)
RULECHECK RES.10 ...................... TOTAL Result Count = 0 (0)
RULECHECK RES.11 ...................... TOTAL Result Count = 0 (0)
RULECHECK RES.13 ...................... TOTAL Result Count = 0 (0)
RULECHECK RES.15 ...................... TOTAL Result Count = 0 (0)
RULECHECK RES.HRI.10 .................. TOTAL Result Count = 0 (0)
RULECHECK RES.HRI.11 .................. TOTAL Result Count = 0 (0)
RULECHECK PP.W.1 ...................... TOTAL Result Count = 0 (0)
RULECHECK PP.S.1 ...................... TOTAL Result Count = 0 (0)
RULECHECK PP.C.1 ...................... TOTAL Result Count = 0 (0)
RULECHECK PP.C.2 ...................... TOTAL Result Count = 0 (0)
RULECHECK PP.C.3 ...................... TOTAL Result Count = 0 (0)
RULECHECK PP.C.5 ...................... TOTAL Result Count = 0 (0)
RULECHECK PP.O.1 ...................... TOTAL Result Count = 0 (0)
RULECHECK PP.E.1 ...................... TOTAL Result Count = 0 (0)
RULECHECK PP.E.1_NP.E.1 ............... TOTAL Result Count = 0 (0)
RULECHECK PP.E.3 ...................... TOTAL Result Count = 0 (0)
RULECHECK PP.E.4 ...................... TOTAL Result Count = 0 (0)
RULECHECK PP.A.1 ...................... TOTAL Result Count = 0 (0)
RULECHECK PP.R.1_NP.R.1 ............... TOTAL Result Count = 0 (0)
RULECHECK PP.R.3_NP.R.3 ............... TOTAL Result Count = 0 (0)
RULECHECK NP.W.1 ...................... TOTAL Result Count = 0 (0)
RULECHECK NP.S.1 ...................... TOTAL Result Count = 0 (0)
RULECHECK NP.C.1 ...................... TOTAL Result Count = 0 (0)
RULECHECK NP.C.2 ...................... TOTAL Result Count = 0 (0)
RULECHECK NP.C.3 ...................... TOTAL Result Count = 0 (0)
RULECHECK NP.C.5 ...................... TOTAL Result Count = 0 (0)
RULECHECK NP.O.1 ...................... TOTAL Result Count = 0 (0)
RULECHECK NP.E.1 ...................... TOTAL Result Count = 0 (0)
RULECHECK NP.E.3 ...................... TOTAL Result Count = 0 (0)
RULECHECK NP.E.4 ...................... TOTAL Result Count = 0 (0)
RULECHECK NP.A.1 ...................... TOTAL Result Count = 0 (0)
RULECHECK NP.E.6 ...................... TOTAL Result Count = 0 (0)
RULECHECK RPO.W.1 ..................... TOTAL Result Count = 0 (0)
RULECHECK RPO.S.1 ..................... TOTAL Result Count = 0 (0)
RULECHECK RPO.C.1 ..................... TOTAL Result Count = 0 (0)
RULECHECK RPO.C.2 ..................... TOTAL Result Count = 0 (0)
RULECHECK RPO.C.3 ..................... TOTAL Result Count = 0 (0)
RULECHECK RPO.C.4 ..................... TOTAL Result Count = 0 (0)
RULECHECK RPO.E.1 ..................... TOTAL Result Count = 0 (0)
RULECHECK RPO.C.5 ..................... TOTAL Result Count = 0 (0)
RULECHECK RPO.C.6 ..................... TOTAL Result Count = 0 (0)
RULECHECK RPO.A.1 ..................... TOTAL Result Count = 0 (0)
RULECHECK RPO.A.2 ..................... TOTAL Result Count = 0 (0)
RULECHECK CO.W.1 ...................... TOTAL Result Count = 0 (0)
RULECHECK CO.S.1 ...................... TOTAL Result Count = 0 (0)
RULECHECK CO.S.2 ...................... TOTAL Result Count = 0 (0)
RULECHECK CO.C.1_CO.R.1 ............... TOTAL Result Count = 0 (0)
RULECHECK CO.C.2 ...................... TOTAL Result Count = 0 (0)
RULECHECK CO.E.1 ...................... TOTAL Result Count = 0 (0)
RULECHECK CO.E.2 ...................... TOTAL Result Count = 0 (0)
RULECHECK CO.E.3 ...................... TOTAL Result Count = 0 (0)
RULECHECK CO.E.4 ...................... TOTAL Result Count = 0 (0)
RULECHECK CO.R.4 ...................... TOTAL Result Count = 0 (0)
RULECHECK M1.W.1 ...................... TOTAL Result Count = 0 (0)
RULECHECK M1.S.1 ...................... TOTAL Result Count = 0 (0)
RULECHECK M1.S.2 ...................... TOTAL Result Count = 0 (0)
RULECHECK M1.S.2.1.a .................. TOTAL Result Count = 0 (0)
RULECHECK M1.S.2.1.b .................. TOTAL Result Count = 0 (0)
RULECHECK M1.E.1 ...................... TOTAL Result Count = 0 (0)
RULECHECK M1.E.2 ...................... TOTAL Result Count = 0 (0)
RULECHECK M1.A.1 ...................... TOTAL Result Count = 0 (0)
RULECHECK VIA1.W.1 .................... TOTAL Result Count = 0 (0)
RULECHECK VIA1.S.1 .................... TOTAL Result Count = 0 (0)
RULECHECK VIA1.E.1 .................... TOTAL Result Count = 0 (0)
RULECHECK VIA1.E.2 .................... TOTAL Result Count = 0 (0)
RULECHECK M2.W.1 ...................... TOTAL Result Count = 0 (0)
RULECHECK M2.S.1 ...................... TOTAL Result Count = 0 (0)
RULECHECK M2.S.2 ...................... TOTAL Result Count = 0 (0)
RULECHECK M2.S.2.1.a .................. TOTAL Result Count = 0 (0)
RULECHECK M2.S.2.1.b .................. TOTAL Result Count = 0 (0)
RULECHECK M2.E.1 ...................... TOTAL Result Count = 0 (0)
RULECHECK M2.E.2 ...................... TOTAL Result Count = 0 (0)
RULECHECK M2.A.1 ...................... TOTAL Result Count = 0 (0)
RULECHECK VIA2.W.1 .................... TOTAL Result Count = 0 (0)
RULECHECK VIA2.S.1 .................... TOTAL Result Count = 0 (0)
RULECHECK VIA2.E.1 .................... TOTAL Result Count = 0 (0)
RULECHECK VIA2.E.2 .................... TOTAL Result Count = 0 (0)
RULECHECK M3.W.1 ...................... TOTAL Result Count = 0 (0)
RULECHECK M3.S.1 ...................... TOTAL Result Count = 0 (0)
RULECHECK M3.S.2 ...................... TOTAL Result Count = 0 (0)
RULECHECK M3.S.2.1.a .................. TOTAL Result Count = 0 (0)
RULECHECK M3.S.2.1.b .................. TOTAL Result Count = 0 (0)
RULECHECK M3.E.1 ...................... TOTAL Result Count = 0 (0)
RULECHECK M3.E.2 ...................... TOTAL Result Count = 0 (0)
RULECHECK M3.A.1 ...................... TOTAL Result Count = 0 (0)
RULECHECK VIA3.W.1 .................... TOTAL Result Count = 0 (0)
RULECHECK VIA3.S.1 .................... TOTAL Result Count = 0 (0)
RULECHECK VIA3.E.1 .................... TOTAL Result Count = 0 (0)
RULECHECK VIA3.E.2 .................... TOTAL Result Count = 0 (0)
RULECHECK M4.W.1 ...................... TOTAL Result Count = 0 (0)
RULECHECK M4.S.1 ...................... TOTAL Result Count = 0 (0)
RULECHECK M4.S.2 ...................... TOTAL Result Count = 0 (0)
RULECHECK M4.S.2.1.a .................. TOTAL Result Count = 0 (0)
RULECHECK M4.S.2.1.b .................. TOTAL Result Count = 0 (0)
RULECHECK M4.E.1 ...................... TOTAL Result Count = 0 (0)
RULECHECK M4.E.2 ...................... TOTAL Result Count = 0 (0)
RULECHECK M4.A.1 ...................... TOTAL Result Count = 0 (0)
RULECHECK VIA4.W.1 .................... TOTAL Result Count = 0 (0)
RULECHECK VIA4.S.1 .................... TOTAL Result Count = 0 (0)
RULECHECK VIA4.E.1 .................... TOTAL Result Count = 0 (0)
RULECHECK VIA4.E.2 .................... TOTAL Result Count = 0 (0)
RULECHECK M5.W.1 ...................... TOTAL Result Count = 0 (0)
RULECHECK M5.S.1 ...................... TOTAL Result Count = 0 (0)
RULECHECK M5.S.2 ...................... TOTAL Result Count = 0 (0)
RULECHECK M5.S.2.1.a .................. TOTAL Result Count = 0 (0)
RULECHECK M5.S.2.1.b .................. TOTAL Result Count = 0 (0)
RULECHECK M5.E.1 ...................... TOTAL Result Count = 0 (0)
RULECHECK M5.E.2 ...................... TOTAL Result Count = 0 (0)
RULECHECK M5.A.1 ...................... TOTAL Result Count = 0 (0)
RULECHECK VIA1.S.2_Array1_2_3_4_5_M ... TOTAL Result Count = 0 (0)
RULECHECK VIA1.S.6_Array1_2_3_4_5_M ... TOTAL Result Count = 0 (0)
RULECHECK VIA2.S.6_Array1_2_3_4_5_M ... TOTAL Result Count = 0 (0)
RULECHECK VIA3.S.6_Array1_2_3_4_5_M ... TOTAL Result Count = 0 (0)
RULECHECK VIA4.S.6_Array1_2_3_4_5_M ... TOTAL Result Count = 0 (0)
RULECHECK VIA5.S.6_Array1_2_3_4_5_M ... TOTAL Result Count = 0 (0)
RULECHECK M1_2_3_4_5.S.3 .............. TOTAL Result Count = 0 (0)
RULECHECK VIA1.S.3_Array1_2_3_4_M ..... TOTAL Result Count = 0 (0)
RULECHECK VIA1.S.7_Array1_2_3_4_M ..... TOTAL Result Count = 0 (0)
RULECHECK VIA2.S.7_Array1_2_3_4_M ..... TOTAL Result Count = 0 (0)
RULECHECK VIA3.S.7_Array1_2_3_4_M ..... TOTAL Result Count = 0 (0)
RULECHECK VIA4.S.7_Array1_2_3_4_M ..... TOTAL Result Count = 0 (0)
RULECHECK M1_2_3_4.S.4 ................ TOTAL Result Count = 0 (0)
RULECHECK VIA2.S.3_Array2_3_4_5_M ..... TOTAL Result Count = 0 (0)
RULECHECK VIA2.S.7_Array2_3_4_5_M ..... TOTAL Result Count = 0 (0)
RULECHECK VIA3.S.7_Array2_3_4_5_M ..... TOTAL Result Count = 0 (0)
RULECHECK VIA4.S.7_Array2_3_4_5_M ..... TOTAL Result Count = 0 (0)
RULECHECK VIA5.S.7_Array2_3_4_5_M ..... TOTAL Result Count = 0 (0)
RULECHECK M2_3_4_5.S.4 ................ TOTAL Result Count = 0 (0)
RULECHECK VIA1.S.4_Array1_2_3_M ....... TOTAL Result Count = 0 (0)
RULECHECK M1_2_3.S.5 .................. TOTAL Result Count = 0 (0)
RULECHECK VIA2.S.4_Array2_3_4_M ....... TOTAL Result Count = 0 (0)
RULECHECK M2_3_4.S.5 .................. TOTAL Result Count = 0 (0)
RULECHECK VIA2.S.8_Array2_3_4_M ....... TOTAL Result Count = 0 (0)
RULECHECK VIA3.S.8_Array2_3_4_M ....... TOTAL Result Count = 0 (0)
RULECHECK VIA4.S.8_Array2_3_4_M ....... TOTAL Result Count = 0 (0)
RULECHECK VIA3.S.4_Array3_4_5_M ....... TOTAL Result Count = 0 (0)
RULECHECK VIA3.S.8_Array3_4_5_M ....... TOTAL Result Count = 0 (0)
RULECHECK VIA4.S.8_Array3_4_5_M ....... TOTAL Result Count = 0 (0)
RULECHECK VIA5.S.8_Array3_4_5_M ....... TOTAL Result Count = 0 (0)
RULECHECK M3_4_5.S.5 .................. TOTAL Result Count = 0 (0)
RULECHECK VIA1.S.5_Array1_2_M ......... TOTAL Result Count = 0 (0)
RULECHECK M1_2.S.6 .................... TOTAL Result Count = 0 (0)
RULECHECK VIA2.S.5_Array2_3_M ......... TOTAL Result Count = 0 (0)
RULECHECK M2_3.S.6 .................... TOTAL Result Count = 0 (0)
RULECHECK VIA3.S.5_Array3_4_M ......... TOTAL Result Count = 0 (0)
RULECHECK M3_4.S.6 .................... TOTAL Result Count = 0 (0)
RULECHECK VIA3.S.9_Array3_4_M ......... TOTAL Result Count = 0 (0)
RULECHECK VIA4.S.9_Array3_4_M ......... TOTAL Result Count = 0 (0)
RULECHECK VIA4.S.5_Array4_5_M ......... TOTAL Result Count = 0 (0)
RULECHECK VIA4.S.9_Array4_5_M ......... TOTAL Result Count = 0 (0)
RULECHECK VIA5.S.9_Array4_5_M ......... TOTAL Result Count = 0 (0)
RULECHECK M4_5.S.6 .................... TOTAL Result Count = 0 (0)
RULECHECK VIA4.S.10_Array4_M .......... TOTAL Result Count = 0 (0)
RULECHECK VIA5.S.10_Array5_M .......... TOTAL Result Count = 0 (0)
RULECHECK VIA5.W.1 .................... TOTAL Result Count = 0 (0)
RULECHECK VIA5.S.1 .................... TOTAL Result Count = 0 (0)
RULECHECK VIA5.E.1 .................... TOTAL Result Count = 0 (0)
RULECHECK VIA5.E.2 .................... TOTAL Result Count = 0 (0)
RULECHECK PO.R.3 ...................... TOTAL Result Count = 1 (1)
RULECHECK M1.R.1 ...................... TOTAL Result Count = 0 (0)
RULECHECK M2.R.1 ...................... TOTAL Result Count = 0 (0)
RULECHECK M3.R.1 ...................... TOTAL Result Count = 0 (0)
RULECHECK M4.R.1 ...................... TOTAL Result Count = 0 (0)
RULECHECK M5.R.1 ...................... TOTAL Result Count = 0 (0)
RULECHECK ADP.R.0A .................... TOTAL Result Count = 0 (0)
RULECHECK ADP.R.0B .................... TOTAL Result Count = 0 (0)
RULECHECK ADP.R.0C .................... TOTAL Result Count = 0 (0)
RULECHECK ADP.S.1_VIA1 ................ TOTAL Result Count = 0 (0)
RULECHECK ADP.S.1_VIA2 ................ TOTAL Result Count = 0 (0)
RULECHECK ADP.S.1_VIA3 ................ TOTAL Result Count = 0 (0)
RULECHECK ADP.S.1_VIA4 ................ TOTAL Result Count = 0 (0)
RULECHECK ADP.S.1_VIA5 ................ TOTAL Result Count = 0 (0)
RULECHECK ADP.S.1_VIAD ................ TOTAL Result Count = 0 (0)
RULECHECK ADP.C.1_V1_V2 ............... TOTAL Result Count = 0 (0)
RULECHECK ADP.C.1_V2_V3 ............... TOTAL Result Count = 0 (0)
RULECHECK ADP.C.1_V3_V4 ............... TOTAL Result Count = 0 (0)
RULECHECK ADP.C.2_V4_V5 ............... TOTAL Result Count = 0 (0)
RULECHECK ADP.C.2_V5_VD ............... TOTAL Result Count = 0 (0)
RULECHECK ADP.E.1_V1_M1 ............... TOTAL Result Count = 0 (0)
RULECHECK ADP.E.1_V1_M2 ............... TOTAL Result Count = 0 (0)
RULECHECK ADP.E.1_V2_M2 ............... TOTAL Result Count = 0 (0)
RULECHECK ADP.E.1_V2_M3 ............... TOTAL Result Count = 0 (0)
RULECHECK ADP.E.1_V3_M3 ............... TOTAL Result Count = 0 (0)
RULECHECK ADP.E.1_V3_M4 ............... TOTAL Result Count = 0 (0)
RULECHECK ADP.E.1_V4_M4 ............... TOTAL Result Count = 0 (0)
RULECHECK ADP.E.1_V4_M5 ............... TOTAL Result Count = 0 (0)
RULECHECK ADP.E.1_V5_M5 ............... TOTAL Result Count = 0 (0)
RULECHECK ADP.E.1_V5_M6 ............... TOTAL Result Count = 0 (0)
RULECHECK ADP.E.1_VD_M6 ............... TOTAL Result Count = 0 (0)
RULECHECK ADP.E.1_VD_MD ............... TOTAL Result Count = 0 (0)
RULECHECK ADP.S.2g .................... TOTAL Result Count = 0 (0)
RULECHECK ADP.W.3g .................... TOTAL Result Count = 0 (0)
RULECHECK ADP.W.4g .................... TOTAL Result Count = 0 (0)
RULECHECK ADP.R.0D .................... TOTAL Result Count = 0 (0)
RULECHECK ADP.S.1_PL_V1 ............... TOTAL Result Count = 0 (0)
RULECHECK ADP.S.1_PL_V2 ............... TOTAL Result Count = 0 (0)
RULECHECK ADP.S.1_PL_V3 ............... TOTAL Result Count = 0 (0)
RULECHECK ADP.S.1_PL_V4 ............... TOTAL Result Count = 0 (0)
RULECHECK ADP.S.1_PL_V5 ............... TOTAL Result Count = 0 (0)
RULECHECK ADP.S.1_PL_VD ............... TOTAL Result Count = 0 (0)
RULECHECK ADP.C.1_PL_V1_V2 ............ TOTAL Result Count = 0 (0)
RULECHECK ADP.C.1_PL_V2_V3 ............ TOTAL Result Count = 0 (0)
RULECHECK ADP.C.1_PL_V3_V4 ............ TOTAL Result Count = 0 (0)
RULECHECK ADP.C.2_PL_V4_V5 ............ TOTAL Result Count = 0 (0)
RULECHECK ADP.C.2_PL_V5_VD ............ TOTAL Result Count = 0 (0)
RULECHECK ADP.E.2_V1_M1 ............... TOTAL Result Count = 0 (0)
RULECHECK ADP.E.2_V1_M2 ............... TOTAL Result Count = 0 (0)
RULECHECK ADP.E.2_V2_M2 ............... TOTAL Result Count = 0 (0)
RULECHECK ADP.E.2_V2_M3 ............... TOTAL Result Count = 0 (0)
RULECHECK ADP.E.2_V3_M3 ............... TOTAL Result Count = 0 (0)
RULECHECK ADP.E.2_V3_M4 ............... TOTAL Result Count = 0 (0)
RULECHECK ADP.E.2_V4_M4 ............... TOTAL Result Count = 0 (0)
RULECHECK ADP.E.2_V4_M5 ............... TOTAL Result Count = 0 (0)
RULECHECK ADP.E.2_V5_M5 ............... TOTAL Result Count = 0 (0)
RULECHECK ADP.E.2_V5_M6 ............... TOTAL Result Count = 0 (0)
RULECHECK ADP.E.2_VD_M6 ............... TOTAL Result Count = 0 (0)
RULECHECK ADP.E.2_VD_MD ............... TOTAL Result Count = 0 (0)
RULECHECK AMS.1.M1 .................... TOTAL Result Count = 0 (0)
RULECHECK AMS.DN.M1 ................... TOTAL Result Count = 0 (0)
RULECHECK AMS.1.M2 .................... TOTAL Result Count = 0 (0)
RULECHECK AMS.DN.M2 ................... TOTAL Result Count = 0 (0)
RULECHECK AMS.1.M3 .................... TOTAL Result Count = 0 (0)
RULECHECK AMS.DN.M3 ................... TOTAL Result Count = 0 (0)
RULECHECK AMS.1.M4 .................... TOTAL Result Count = 0 (0)
RULECHECK AMS.DN.M4 ................... TOTAL Result Count = 0 (0)
RULECHECK AMS.1.M5 .................... TOTAL Result Count = 0 (0)
RULECHECK AMS.DN.M5 ................... TOTAL Result Count = 0 (0)
RULECHECK AMS.1.M6 .................... TOTAL Result Count = 0 (0)
RULECHECK AMS.DN.M6 ................... TOTAL Result Count = 0 (0)
RULECHECK AMS.1.MD .................... TOTAL Result Count = 0 (0)
RULECHECK AMS.DN.MD ................... TOTAL Result Count = 0 (0)
RULECHECK ESD.1g ...................... TOTAL Result Count = 0 (0)
RULECHECK ESD.7g ...................... TOTAL Result Count = 0 (0)
RULECHECK ESD.9g ...................... TOTAL Result Count = 0 (0)
RULECHECK ESD.10g ..................... TOTAL Result Count = 0 (0)
RULECHECK ESD.3g ...................... TOTAL Result Count = 0 (0)
RULECHECK ESD.5g ...................... TOTAL Result Count = 0 (0)
RULECHECK ESD.5.1g .................... TOTAL Result Count = 0 (0)
RULECHECK ESD.6g ...................... TOTAL Result Count = 0 (0)
RULECHECK ESD.8g ...................... TOTAL Result Count = 0 (0)
RULECHECK ESD.18g_1.8V ................ TOTAL Result Count = 0 (0)
RULECHECK ESD.18g_3.3V_N .............. TOTAL Result Count = 0 (0)
RULECHECK ESD.18g_3.3V_P .............. TOTAL Result Count = 0 (0)
RULECHECK ESD.19g ..................... TOTAL Result Count = 0 (0)
RULECHECK ESD.20g ..................... TOTAL Result Count = 0 (0)
RULECHECK ESD.20g_A ................... TOTAL Result Count = 0 (0)
RULECHECK ESD.21g ..................... TOTAL Result Count = 0 (0)
RULECHECK ESD.24g ..................... TOTAL Result Count = 0 (0)
RULECHECK ESD.25g ..................... TOTAL Result Count = 0 (0)
RULECHECK ESD.26g ..................... TOTAL Result Count = 0 (0)
RULECHECK ESD.27g ..................... TOTAL Result Count = 0 (0)
RULECHECK ESD.28g ..................... TOTAL Result Count = 0 (0)
RULECHECK ESD.30g ..................... TOTAL Result Count = 0 (0)
RULECHECK ESD.32g ..................... TOTAL Result Count = 0 (0)
RULECHECK ESD.34g ..................... TOTAL Result Count = 0 (0)
RULECHECK ESD.35g ..................... TOTAL Result Count = 0 (0)
RULECHECK ESD.37g ..................... TOTAL Result Count = 0 (0)
RULECHECK ESD.WARN.1 .................. TOTAL Result Count = 0 (0)
RULECHECK ESD.WARN.3 .................. TOTAL Result Count = 0 (0)
RULECHECK ESD.WARN.4 .................. TOTAL Result Count = 0 (0)
RULECHECK ESD.WARN.5 .................. TOTAL Result Count = 0 (0)
RULECHECK ESD.40g ..................... TOTAL Result Count = 0 (0)
RULECHECK HIA.1g ...................... TOTAL Result Count = 0 (0)
RULECHECK HIA.2g ...................... TOTAL Result Count = 0 (0)
RULECHECK HIA.3g ...................... TOTAL Result Count = 0 (0)
RULECHECK HIA.4g ...................... TOTAL Result Count = 0 (0)
RULECHECK HIA.9g ...................... TOTAL Result Count = 0 (0)
RULECHECK HIA.17g ..................... TOTAL Result Count = 0 (0)
RULECHECK HIA.18g ..................... TOTAL Result Count = 0 (0)
RULECHECK ESDIMP.W.1 .................. TOTAL Result Count = 0 (0)
RULECHECK ESDIMP.S.1 .................. TOTAL Result Count = 0 (0)
RULECHECK ESDIMP.S.2 .................. TOTAL Result Count = 0 (0)
RULECHECK ESDIMP.EN.1 ................. TOTAL Result Count = 0 (0)
RULECHECK ESDIMP.A.1 .................. TOTAL Result Count = 0 (0)
RULECHECK ESDIMP.A.2 .................. TOTAL Result Count = 0 (0)
RULECHECK ESDIMP.R.1 .................. TOTAL Result Count = 0 (0)
RULECHECK LUP.1g ...................... TOTAL Result Count = 0 (0)
RULECHECK LUP.2g ...................... TOTAL Result Count = 0 (0)
RULECHECK LUP.3.1g_1.8V ............... TOTAL Result Count = 0 (0)
RULECHECK LUP.3.3g_3.3V ............... TOTAL Result Count = 0 (0)
RULECHECK LUP.4g ...................... TOTAL Result Count = 0 (0)
RULECHECK LUP.5.1g_1.8V ............... TOTAL Result Count = 0 (0)
RULECHECK LUP.5.3g_3.3V ............... TOTAL Result Count = 0 (0)
RULECHECK LUP.6g ...................... TOTAL Result Count = 0 (0)
RULECHECK LUP.10g__LUP.13g ............ TOTAL Result Count = 0 (0)
RULECHECK LUP.14g ..................... TOTAL Result Count = 0 (0)
RULECHECK LOGO.S.1 .................... TOTAL Result Count = 0 (0)
RULECHECK LOGO.O.1 .................... TOTAL Result Count = 0 (0)
RULECHECK LOGO.R.1 .................... TOTAL Result Count = 0 (0)
RULECHECK SR.S.1 ...................... TOTAL Result Count = 0 (0)
RULECHECK SR.R.1 ...................... TOTAL Result Count = 1 (1)
RULECHECK SR.E.1 ...................... TOTAL Result Count = 0 (0)
RULECHECK SR.E.2 ...................... TOTAL Result Count = 0 (0)
RULECHECK SR.R.2 ...................... TOTAL Result Count = 0 (0)
RULECHECK CO.W.2 ...................... TOTAL Result Count = 0 (0)
RULECHECK VIA1.W.2 .................... TOTAL Result Count = 0 (0)
RULECHECK VIA2.W.2 .................... TOTAL Result Count = 0 (0)
RULECHECK VIA3.W.2 .................... TOTAL Result Count = 0 (0)
RULECHECK VIA4.W.2 .................... TOTAL Result Count = 0 (0)
RULECHECK VIAn.W.2 .................... TOTAL Result Count = 0 (0)
RULECHECK PO.W.1_HRI .................. TOTAL Result Count = 0 (0)
RULECHECK _PO.R.1A.MM ................. TOTAL Result Count = 0 (0)
RULECHECK _PP.E.6.MM .................. TOTAL Result Count = 0 (0)
RULECHECK RPO.O.1_HRI ................. TOTAL Result Count = 0 (0)
RULECHECK UTM40K.W.1 .................. TOTAL Result Count = 0 (0)
RULECHECK UTM40K.S.1 .................. TOTAL Result Count = 0 (0)
RULECHECK UTM40K.E.1 .................. TOTAL Result Count = 0 (0)
RULECHECK UTM40K.E.2 .................. TOTAL Result Count = 0 (0)
RULECHECK UTM40K.S.2 .................. TOTAL Result Count = 0 (0)
RULECHECK UTM40K.A.1 .................. TOTAL Result Count = 0 (0)
RULECHECK UTM40K.R.1 .................. TOTAL Result Count = 0 (0)
RULECHECK UTM40K.E.3 .................. TOTAL Result Count = 0 (0)
RULECHECK UTM40K.I.1 .................. TOTAL Result Count = 0 (0)
RULECHECK UTM40K.I.2 .................. TOTAL Result Count = 0 (0)
RULECHECK UTM40K.R.2 .................. TOTAL Result Count = 0 (0)
RULECHECK UTM40K.R.3 .................. TOTAL Result Count = 0 (0)
RULECHECK UTM40K.A.2 .................. TOTAL Result Count = 0 (0)
RULECHECK DNW.W.1 ..................... TOTAL Result Count = 0 (0)
RULECHECK DNW.S.1 ..................... TOTAL Result Count = 0 (0)
RULECHECK DNW.O.1 ..................... TOTAL Result Count = 0 (0)
RULECHECK DNW.C.1 ..................... TOTAL Result Count = 0 (0)
RULECHECK DNW.C.4 ..................... TOTAL Result Count = 0 (0)
RULECHECK DNW.E.2 ..................... TOTAL Result Count = 0 (0)
RULECHECK DNW.R.4 ..................... TOTAL Result Count = 0 (0)
RULECHECK DNW.R.5 ..................... TOTAL Result Count = 0 (0)
RULECHECK VTM_N.W.1 ................... TOTAL Result Count = 0 (0)
RULECHECK VTM_N.W.2 ................... TOTAL Result Count = 0 (0)
RULECHECK VTM_N.W.3 ................... TOTAL Result Count = 0 (0)
RULECHECK VTM_N.S.1 ................... TOTAL Result Count = 0 (0)
RULECHECK VTM_N.E.1 ................... TOTAL Result Count = 0 (0)
RULECHECK VTM_N.C.1 ................... TOTAL Result Count = 0 (0)
RULECHECK VTM_N.C.2 ................... TOTAL Result Count = 0 (0)
RULECHECK VTM_N.R.2 ................... TOTAL Result Count = 0 (0)
RULECHECK VTM_N.R.3 ................... TOTAL Result Count = 0 (0)
RULECHECK VTM_N.R.4 ................... TOTAL Result Count = 0 (0)
RULECHECK VTM_N.R.5 ................... TOTAL Result Count = 0 (0)
RULECHECK VTM_P.W.1 ................... TOTAL Result Count = 0 (0)
RULECHECK VTM_P.W.2 ................... TOTAL Result Count = 0 (0)
RULECHECK VTM_P.S.1 ................... TOTAL Result Count = 0 (0)
RULECHECK VTM_P.E.1 ................... TOTAL Result Count = 0 (0)
RULECHECK VTM_P.C.1 ................... TOTAL Result Count = 0 (0)
RULECHECK VTM_P.C.2 ................... TOTAL Result Count = 0 (0)
RULECHECK VTM_P.R.2 ................... TOTAL Result Count = 0 (0)
RULECHECK VTM_P.R.3 ................... TOTAL Result Count = 0 (0)
RULECHECK VTM_P.R.4 ................... TOTAL Result Count = 0 (0)
RULECHECK VTM_P.R.5 ................... TOTAL Result Count = 0 (0)
RULECHECK VTM_P.R.6 ................... TOTAL Result Count = 0 (0)
RULECHECK HRI.W.1 ..................... TOTAL Result Count = 0 (0)
RULECHECK HRI.S.1 ..................... TOTAL Result Count = 0 (0)
RULECHECK HRI.C.1 ..................... TOTAL Result Count = 0 (0)
RULECHECK HRI.C.2 ..................... TOTAL Result Count = 0 (0)
RULECHECK HRI.C.3_C.4 ................. TOTAL Result Count = 0 (0)
RULECHECK HRI.E.1 ..................... TOTAL Result Count = 0 (0)
RULECHECK HRI.R.1 ..................... TOTAL Result Count = 0 (0)
RULECHECK HRI.R.2 ..................... TOTAL Result Count = 0 (0)
RULECHECK HRI.A.1 ..................... TOTAL Result Count = 0 (0)
RULECHECK CTM.W.1 ..................... TOTAL Result Count = 0 (0)
RULECHECK CTM.W.2 ..................... TOTAL Result Count = 0 (0)
RULECHECK CTM.S.1 ..................... TOTAL Result Count = 0 (0)
RULECHECK CTM.S.2 ..................... TOTAL Result Count = 0 (0)
RULECHECK CTM.R.2 ..................... TOTAL Result Count = 0 (0)
RULECHECK CTM.W.4 ..................... TOTAL Result Count = 0 (0)
RULECHECK CTM.A.1 ..................... TOTAL Result Count = 0 (0)
RULECHECK CTM.R.5 ..................... TOTAL Result Count = 0 (0)
RULECHECK CTM.R.6 ..................... TOTAL Result Count = 0 (0)
RULECHECK MIM_M5.W.1 .................. TOTAL Result Count = 0 (0)
RULECHECK MIM_M5.S.1 .................. TOTAL Result Count = 0 (0)
RULECHECK MIM_M5.S.2 .................. TOTAL Result Count = 0 (0)
RULECHECK MIM_M5.E.3 .................. TOTAL Result Count = 0 (0)
RULECHECK MIMVIA.S.1 .................. TOTAL Result Count = 0 (0)
RULECHECK MIMVIA.S.2 .................. TOTAL Result Count = 0 (0)
RULECHECK MIMVIA.E.1 .................. TOTAL Result Count = 0 (0)
RULECHECK MIMVIA.E.2 .................. TOTAL Result Count = 0 (0)
RULECHECK MIMVIA.C.1 .................. TOTAL Result Count = 0 (0)
RULECHECK MIMVIA.R.1 .................. TOTAL Result Count = 0 (0)
RULECHECK MIMVIA.R.3 .................. TOTAL Result Count = 0 (0)
RULECHECK SBD.W.1_SBD.W.1.1 ........... TOTAL Result Count = 0 (0)
RULECHECK SBD.W.2_SBD.W.2.1 ........... TOTAL Result Count = 0 (0)
RULECHECK SBD.W.3 ..................... TOTAL Result Count = 0 (0)
RULECHECK SBD.W.4 ..................... TOTAL Result Count = 0 (0)
RULECHECK SBD.S.1 ..................... TOTAL Result Count = 0 (0)
RULECHECK SBD.E.1 ..................... TOTAL Result Count = 0 (0)
RULECHECK SBD.E.2 ..................... TOTAL Result Count = 0 (0)
RULECHECK SBD.O.1 ..................... TOTAL Result Count = 0 (0)
RULECHECK SBD.E.1.1 ................... TOTAL Result Count = 0 (0)
RULECHECK SBD.E.3 ..................... TOTAL Result Count = 0 (0)
RULECHECK SBD.R.2 ..................... TOTAL Result Count = 0 (0)
RULECHECK SBD.R.3 ..................... TOTAL Result Count = 0 (0)
RULECHECK SBD.R.4 ..................... TOTAL Result Count = 0 (0)
RULECHECK SBD.R.5 ..................... TOTAL Result Count = 0 (0)
RULECHECK DOD.W.1 ..................... TOTAL Result Count = 0 (0)
RULECHECK DOD.S.1 ..................... TOTAL Result Count = 0 (0)
RULECHECK DOD.C.1 ..................... TOTAL Result Count = 0 (0)
RULECHECK DOD.C.2 ..................... TOTAL Result Count = 0 (0)
RULECHECK DOD.C.4 ..................... TOTAL Result Count = 0 (0)
RULECHECK DOD.C.5 ..................... TOTAL Result Count = 0 (0)
RULECHECK DOD.C.6 ..................... TOTAL Result Count = 0 (0)
RULECHECK DOD.C.7 ..................... TOTAL Result Count = 0 (0)
RULECHECK DOD.C.8 ..................... TOTAL Result Count = 0 (0)
RULECHECK DOD.C.9 ..................... TOTAL Result Count = 0 (0)
RULECHECK DOD.C.13 .................... TOTAL Result Count = 0 (0)
RULECHECK DOD.C.14 .................... TOTAL Result Count = 0 (0)
RULECHECK DOD.C.15 .................... TOTAL Result Count = 0 (0)
RULECHECK DOD.E.1 ..................... TOTAL Result Count = 0 (0)
RULECHECK DOD.E.2 ..................... TOTAL Result Count = 0 (0)
RULECHECK OD.R.1 ...................... TOTAL Result Count = 1 (1)
RULECHECK OD.R.2 ...................... TOTAL Result Count = 0 (0)
RULECHECK OD.R.3 ...................... TOTAL Result Count = 1 (1)
RULECHECK OD.R.4 ...................... TOTAL Result Count = 0 (0)
RULECHECK DOD.R.1 ..................... TOTAL Result Count = 1 (1)
RULECHECK DOD.R.2 ..................... TOTAL Result Count = 0 (0)
RULECHECK DOD.R.3 ..................... TOTAL Result Count = 0 (0)
RULECHECK DPO.W.1 ..................... TOTAL Result Count = 0 (0)
RULECHECK DPO.S.1 ..................... TOTAL Result Count = 0 (0)
RULECHECK DPO.C.1 ..................... TOTAL Result Count = 0 (0)
RULECHECK DPO.C.2 ..................... TOTAL Result Count = 0 (0)
RULECHECK DPO.C.4 ..................... TOTAL Result Count = 0 (0)
RULECHECK DPO.C.5 ..................... TOTAL Result Count = 0 (0)
RULECHECK DPO.C.6 ..................... TOTAL Result Count = 0 (0)
RULECHECK DPO.C.7 ..................... TOTAL Result Count = 0 (0)
RULECHECK DPO.C.9 ..................... TOTAL Result Count = 0 (0)
RULECHECK DPO.C.12 .................... TOTAL Result Count = 0 (0)
RULECHECK DPO.C.13 .................... TOTAL Result Count = 0 (0)
RULECHECK DPO.C.14 .................... TOTAL Result Count = 0 (0)
RULECHECK DPO.E.1 ..................... TOTAL Result Count = 0 (0)
RULECHECK DPO.A.1 ..................... TOTAL Result Count = 0 (0)
RULECHECK PO.R.5 ...................... TOTAL Result Count = 1 (1)
RULECHECK DPO.R.2 ..................... TOTAL Result Count = 0 (0)
RULECHECK DPO.R.3 ..................... TOTAL Result Count = 0 (0)
RULECHECK AN.R.40m_M1 ................. TOTAL Result Count = 0 (0)
RULECHECK FPAD.R.1 .................... TOTAL Result Count = 0 (0)
RULECHECK 3DMIM.A.2 ................... TOTAL Result Count = 0 (0)
RULECHECK 3DMIM.DN.1 .................. TOTAL Result Count = 0 (0)
RULECHECK 3DMIM.EX.1 .................. TOTAL Result Count = 0 (0)
RULECHECK 3DMIM.EX.2 .................. TOTAL Result Count = 0 (0)
RULECHECK 3DMIM.EX.3 .................. TOTAL Result Count = 0 (0)
RULECHECK 3DMIM.EX.4 .................. TOTAL Result Count = 0 (0)
RULECHECK 3DMIM.S.1 ................... TOTAL Result Count = 0 (0)
RULECHECK 3DMIM.S.2 ................... TOTAL Result Count = 0 (0)
RULECHECK 3DMIM.S.3 ................... TOTAL Result Count = 0 (0)
RULECHECK 3DMIM.S.4 ................... TOTAL Result Count = 0 (0)
RULECHECK 3DMIM.S.5 ................... TOTAL Result Count = 0 (0)
RULECHECK 3DMIM.S.7 ................... TOTAL Result Count = 0 (0)
RULECHECK 3DMIM.W.1 ................... TOTAL Result Count = 0 (0)
RULECHECK 3DMIM.W.3 ................... TOTAL Result Count = 0 (0)
RULECHECK 3DMIM.W.4 ................... TOTAL Result Count = 0 (0)
RULECHECK 3DMIM.W.5 ................... TOTAL Result Count = 0 (0)
RULECHECK 3DMIM.W.6 ................... TOTAL Result Count = 0 (0)
RULECHECK 3DMIM.R.10 .................. TOTAL Result Count = 0 (0)
RULECHECK 3DMIM.S.8 ................... TOTAL Result Count = 0 (0)
RULECHECK 3DMIM.S.9 ................... TOTAL Result Count = 0 (0)
RULECHECK 3DMIM.EX.5 .................. TOTAL Result Count = 0 (0)
RULECHECK 3DMIM.S.10 .................. TOTAL Result Count = 0 (0)
RULECHECK ANALOGDMY.A.1 ............... TOTAL Result Count = 0 (0)
RULECHECK ANALOGDMY.EX.1 .............. TOTAL Result Count = 0 (0)
RULECHECK ANALOGDMY.EX.2 .............. TOTAL Result Count = 0 (0)
RULECHECK ANALOGDMY.R.1 ............... TOTAL Result Count = 0 (0)
RULECHECK ANALOGDMY.S.1 ............... TOTAL Result Count = 0 (0)
RULECHECK ANALOGDMY.S.2 ............... TOTAL Result Count = 0 (0)
RULECHECK ANALOGDMY.S.3 ............... TOTAL Result Count = 0 (0)
RULECHECK ANALOGDMY.S.4 ............... TOTAL Result Count = 0 (0)
RULECHECK ANALOGDMY.W.1 ............... TOTAL Result Count = 0 (0)
RULECHECK MOM.S.2:M1 .................. TOTAL Result Count = 0 (0)
RULECHECK MOM.S.2:M2 .................. TOTAL Result Count = 0 (0)
RULECHECK MOM.S.2:M3 .................. TOTAL Result Count = 0 (0)
RULECHECK MOM.S.2:M4 .................. TOTAL Result Count = 0 (0)
RULECHECK MOM.S.2:M5 .................. TOTAL Result Count = 0 (0)
RULECHECK MOM.A.1 ..................... TOTAL Result Count = 0 (0)
RULECHECK MOM.R.1 ..................... TOTAL Result Count = 0 (0)
RULECHECK MOM.R.2 ..................... NOT EXECUTED
RULECHECK DRM.R.1 ..................... NOT EXECUTED
----------------------------------------------------------------------------------
--- RULECHECK RESULTS STATISTICS (BY CELL)
---
CELL sr_bridge_soc_top_metalfill ... TOTAL Result Count = 6 (6)
    RULECHECK PO.R.3 ............... TOTAL Result Count = 1 (1)
    RULECHECK SR.R.1 ............... TOTAL Result Count = 1 (1)
    RULECHECK DOD.R.1 .............. TOTAL Result Count = 1 (1)
    RULECHECK PO.R.5 ............... TOTAL Result Count = 1 (1)
    RULECHECK OD.R.3 ............... TOTAL Result Count = 1 (1)
    RULECHECK OD.R.1 ............... TOTAL Result Count = 1 (1)
----------------------------------------------------------------------------------
--- SUMMARY
---
TOTAL CPU Time:                  20
TOTAL REAL Time:                 3
TOTAL Original Layer Geometries: 892227 (892227)
TOTAL DRC RuleChecks Executed:   525
TOTAL DRC Results Generated:     6 (6)
